---
source: tui/src/chatwidget/tests/slash_commands.rs
assertion_line: 3158
expression: "render_bottom_popup(&chat, 80)"
---
  Archive 2 other local sessions?
  Global across projects; keeps this session, ancestors, and descendants.

› 1. No, keep all sessions (default)  Cancel without archiving
  2. Yes, archive 2 sessions          Includes every local working directory

  Press enter to confirm or esc to go back
